// Jest Snapshot v1, https://goo.gl/fbAQLP

exports[`UserView render main wrapper  1`] = `
<div>
  <vusersearchform-stub></vusersearchform-stub>
  <vuserprofile-stub user="[object Object]"></vuserprofile-stub>
</div>
`;
